Restarting now.
ets Jul 29 2019 12:21:46

rst:0xc (SW_CPU_RESET),boot:0x13 (SPI_FAST_FLASH_BOOT)
configsip: 0, SPIWP:0xee
clk_drv:0x00,q_drv:0x00,d_drv:0x00,cs0_drv:0x00,hd_drv:0x00,wp_drv:0x00
mode:DIO, clock div:2
load:0x3fff0030,len:6384
load:0x40078000,len:15916
load:0x40080400,len:3920
entry 0x40080644
I (27) boot: ESP-IDF v5.5.2 2nd stage bootloader
I (27) boot: compile time Mar  4 2026 16:10:54
I (27) boot: Multicore bootloader
I (29) boot: chip revision: v3.1
I (31) boot.esp32: SPI Speed      : 40MHz
I (35) boot.esp32: SPI Mode       : DIO
I (39) boot.esp32: SPI Flash Size : 4MB
I (42) boot: Enabling RNG early entropy source...
I (47) boot: Partition Table:
I (49) boot: ## Label            Usage          Type ST Offset   Length
I (56) boot:  0 nvs              WiFi data        01 02 00009000 00006000
I (62) boot:  1 phy_init         RF data          01 01 0000f000 00001000
I (69) boot:  2 factory          factory app      00 00 00010000 00100000
I (75) boot: End of partition table
I (79) esp_image: segment 0: paddr=00010020 vaddr=3f400020 size=07354h ( 29524) map
I (96) esp_image: segment 1: paddr=0001737c vaddr=3ffb0000 size=021f0h (  8688) load
I (100) esp_image: segment 2: paddr=00019574 vaddr=40080000 size=06aa4h ( 27300) load
I (112) esp_image: segment 3: paddr=00020020 vaddr=400d0020 size=0b738h ( 46904) map
I (128) esp_image: segment 4: paddr=0002b760 vaddr=40086aa4 size=060a4h ( 24740) load
I (138) esp_image: segment 5: paddr=0003180c vaddr=50000000 size=00020h (    32) load
I (144) boot: Loaded app from partition at offset 0x10000
I (144) boot: Disabling RNG early entropy source...
I (156) cpu_start: Multicore app
I (164) cpu_start: GPIO 3 and 1 are used as console UART I/O pins
I (164) cpu_start: Pro cpu start user code
I (164) cpu_start: cpu freq: 160000000 Hz
I (166) app_init: Application information:
I (170) app_init: Project name:     hello_world
I (174) app_init: App version:      1
I (178) app_init: Compile time:     Mar  4 2026 16:10:50
I (183) app_init: ELF file SHA256:  ccc23adb8...
I (187) app_init: ESP-IDF:          v5.5.2
I (191) efuse_init: Min chip rev:     v0.0
I (195) efuse_init: Max chip rev:     v3.99
I (199) efuse_init: Chip rev:         v3.1
I (203) heap_init: Initializing. RAM available for dynamic allocation:
I (209) heap_init: At 3FFAE6E0 len 00001920 (6 KiB): DRAM
I (214) heap_init: At 3FFB2A50 len 0002D5B0 (181 KiB): DRAM
I (219) heap_init: At 3FFE0440 len 00003AE0 (14 KiB): D/IRAM
I (225) heap_init: At 3FFE4350 len 0001BCB0 (111 KiB): D/IRAM
I (230) heap_init: At 4008CB48 len 000134B8 (77 KiB): IRAM
W (236) spi_flash: Detected boya flash chip but using generic driver. For optimal functionality, enable `SPI_FLASH_SUPPORT_BOYA_CHIP` in meg
I (248) spi_flash: detected chip: generic
I (252) spi_flash: flash io: dio
I (256) main_task: Started on CPU0
I (266) main_task: Calling app_main()
Hello world!
This is esp32 chip with 2 CPU core(s), WiFi/BTBLE, silicon revision v3.1, 4MB external flash
Minimum free heap size: 306068 bytes
Restarting in 10 seconds...
